// Jest Snapshot v1, https://goo.gl/fbAQLP

exports[`CabecalhoComponente deveria redenrizar o conte√∫do baseado nas propriedades src e alt 1`] = `
CabecalhoComponent {
  "__ngContext__": 4,
  "alt": "Imagem teste",
  "src": "https://example.com/test-image.jpg",
}
`;
